// Jest Snapshot v1, https://goo.gl/fbAQLP

exports[`Testing Select component should render match snapshot 1`] = `
<div
  className="root-0-2-1"
  data-test="component-select-root"
>
  <Memo(FieldLabel)
    htmlFor="select"
    label="select"
    required={false}
  />
  <StateManager
    className="select-0-2-2 medium error"
    classNamePrefix="custom-react-select"
    components={
      Object {
        "DropdownIndicator": [Function],
      }
    }
    defaultInputValue=""
    defaultMenuIsOpen={false}
    defaultValue={null}
    instanceId="select"
    isDisabled={false}
    isSearchable={false}
    name="select"
    onChange={[Function]}
    options={Array []}
    required={false}
  />
  <Memo(FieldError)
    error="some error"
  />
</div>
`;
