// Jest Snapshot v1, https://goo.gl/fbAQLP

exports[`Testing HomePage > ContactUs should render match snapshot 1`] = `
<div
  className="root-0-2-1"
  data-test="contact-us-cover-image"
>
  <Memo(Content)
    className="content-0-2-2"
  >
    <h2
      className="title-0-2-3"
      data-test="contact-us-title"
    >
      Let talk, why not?
    </h2>
    <Link
      href="/contact"
      passHref={true}
    >
      <Memo([object Object])
        className="button-0-2-4"
        color="primary"
        dataTest="contact-us-button"
        keepSizeOnMobile={true}
        size="large"
        tag="a"
      >
        Drop us a line
      </Memo([object Object])>
    </Link>
  </Memo(Content)>
</div>
`;
