// Jest Snapshot v1, https://goo.gl/fbAQLP

exports[`Testing TalentLabs > Partners should render match snapshot 1`] = `
<div
  className="root-0-2-1"
>
  <Memo(Content)
    className="content-0-2-2"
  >
    <h2
      className="title-0-2-3"
      data-test="partners-title"
    >
      We are trusted by
    </h2>
    <div
      className="partners-0-2-4"
    >
      <div
        className="partnerItem-0-2-5"
        key="Corekees"
      >
        <img
          alt="Corekees"
          className="partnerlogo-0-2-6"
          loading="lazy"
          src="/static/images/homepage/partner-01.png"
          title="Corekees"
        />
      </div>
      <div
        className="partnerItem-0-2-5"
        key="RNW"
      >
        <img
          alt="RNW"
          className="partnerlogo-0-2-6"
          loading="lazy"
          src="/static/images/homepage/partner-02.png"
          title="RNW"
        />
      </div>
      <div
        className="partnerItem-0-2-5"
        key="KoiQuestion"
      >
        <img
          alt="KoiQuestion"
          className="partnerlogo-0-2-6"
          loading="lazy"
          src="/static/images/homepage/partner-03.png"
          title="KoiQuestion"
        />
      </div>
      <div
        className="partnerItem-0-2-5"
        key="Phoenix"
      >
        <img
          alt="Phoenix"
          className="partnerlogo-0-2-6"
          loading="lazy"
          src="/static/images/homepage/partner-04.png"
          title="Phoenix"
        />
      </div>
      <div
        className="partnerItem-0-2-5"
        key="Voicepick"
      >
        <img
          alt="Voicepick"
          className="partnerlogo-0-2-6"
          loading="lazy"
          src="/static/images/homepage/partner-05.png"
          title="Voicepick"
        />
      </div>
      <div
        className="partnerItem-0-2-5"
        key="TymeBank"
      >
        <img
          alt="TymeBank"
          className="partnerlogo-0-2-6"
          loading="lazy"
          src="/static/images/homepage/partner-06.png"
          title="TymeBank"
        />
      </div>
      <div
        className="partnerItem-0-2-5"
        key="Quadriz"
      >
        <img
          alt="Quadriz"
          className="partnerlogo-0-2-6"
          loading="lazy"
          src="/static/images/homepage/partner-07.png"
          title="Quadriz"
        />
      </div>
      <div
        className="partnerItem-0-2-5"
        key="Toiya"
      >
        <img
          alt="Toiya"
          className="partnerlogo-0-2-6"
          loading="lazy"
          src="/static/images/homepage/partner-08.png"
          title="Toiya"
        />
      </div>
      <div
        className="partnerItem-0-2-5"
        key="Dias Advisors"
      >
        <img
          alt="Dias Advisors"
          className="partnerlogo-0-2-6"
          loading="lazy"
          src="/static/images/homepage/partner-09.png"
          title="Dias Advisors"
        />
      </div>
      <div
        className="partnerItem-0-2-5"
        key="Duality"
      >
        <img
          alt="Duality"
          className="partnerlogo-0-2-6"
          loading="lazy"
          src="/static/images/homepage/partner-10.png"
          title="Duality"
        />
      </div>
      <div
        className="partnerItem-0-2-5"
        key="5QLive"
      >
        <img
          alt="5QLive"
          className="partnerlogo-0-2-6"
          loading="lazy"
          src="/static/images/homepage/partner-11.png"
          title="5QLive"
        />
      </div>
      <div
        className="partnerItem-0-2-5"
        key="Media 21"
      >
        <img
          alt="Media 21"
          className="partnerlogo-0-2-6"
          loading="lazy"
          src="/static/images/homepage/partner-12.png"
          title="Media 21"
        />
      </div>
      <div
        className="partnerItem-0-2-5"
        key="GambleCoin"
      >
        <img
          alt="GambleCoin"
          className="partnerlogo-0-2-6"
          loading="lazy"
          src="/static/images/homepage/partner-13.png"
          title="GambleCoin"
        />
      </div>
      <div
        className="partnerItem-0-2-5"
        key="Microad"
      >
        <img
          alt="Microad"
          className="partnerlogo-0-2-6"
          loading="lazy"
          src="/static/images/homepage/partner-14.png"
          title="Microad"
        />
      </div>
      <div
        className="partnerItem-0-2-5"
        key="Grad Greenhouse"
      >
        <img
          alt="Grad Greenhouse"
          className="partnerlogo-0-2-6"
          loading="lazy"
          src="/static/images/homepage/partner-15.png"
          title="Grad Greenhouse"
        />
      </div>
      <div
        className="partnerItem-0-2-5"
        key="Pycogroup"
      >
        <img
          alt="Pycogroup"
          className="partnerlogo-0-2-6"
          loading="lazy"
          src="/static/images/homepage/partner-16.png"
          title="Pycogroup"
        />
      </div>
      <div
        className="partnerItem-0-2-5"
        key="Seleno"
      >
        <img
          alt="Seleno"
          className="partnerlogo-0-2-6"
          loading="lazy"
          src="/static/images/homepage/partner-17.png"
          title="Seleno"
        />
      </div>
      <div
        className="partnerItem-0-2-5"
        key="Dagiac"
      >
        <img
          alt="Dagiac"
          className="partnerlogo-0-2-6"
          loading="lazy"
          src="/static/images/homepage/partner-18.png"
          title="Dagiac"
        />
      </div>
      <div
        className="partnerItem-0-2-5"
        key="NashTech"
      >
        <img
          alt="NashTech"
          className="partnerlogo-0-2-6"
          loading="lazy"
          src="/static/images/homepage/partner-19.png"
          title="NashTech"
        />
      </div>
      <div
        className="partnerItem-0-2-5"
        key="Moogento"
      >
        <img
          alt="Moogento"
          className="partnerlogo-0-2-6"
          loading="lazy"
          src="/static/images/homepage/partner-20.png"
          title="Moogento"
        />
      </div>
      <div
        className="partnerItem-0-2-5"
        key="SourceOne"
      >
        <img
          alt="SourceOne"
          className="partnerlogo-0-2-6"
          loading="lazy"
          src="/static/images/homepage/partner-21.png"
          title="SourceOne"
        />
      </div>
    </div>
  </Memo(Content)>
</div>
`;
