// Jest Snapshot v1, https://goo.gl/fbAQLP

exports[`Testing Footer > MobileFooter should render match snapshot 1`] = `
<footer
  className="root-0-2-1"
>
  <Memo(SummaryInfo) />
  <div
    className="dropdown-0-2-2"
    key="product"
  >
    <div
      className="toggleButton-0-2-3"
      onClick={[Function]}
      role="presentation"
    >
      <Memo(SectionTitle)
        title="Products"
      />
      <i
        className="icon-caret-down"
      />
    </div>
    <ul
      className="menu-0-2-4"
    >
      <li
        className="menuItem-0-2-5"
        key="product-talent-labs"
      >
        <Link
          href="/talent-labs"
          key="product-talent-labs"
          passHref={true}
        >
          <a
            className="menuLink-0-2-6"
            data-test="footer-product"
            href="/#"
          >
            Talent labs
          </a>
        </Link>
      </li>
      <li
        className="menuItem-0-2-5"
        key="product-data-labs"
      >
        <Link
          href="/data-labs"
          key="product-data-labs"
          passHref={true}
        >
          <a
            className="menuLink-0-2-6"
            data-test="footer-product"
            href="/#"
          >
            Data labs
          </a>
        </Link>
      </li>
    </ul>
  </div>
  <div
    className="dropdown-0-2-2"
    key="company"
  >
    <div
      className="toggleButton-0-2-3"
      onClick={[Function]}
      role="presentation"
    >
      <Memo(SectionTitle)
        title="Company"
      />
      <i
        className="icon-caret-down"
      />
    </div>
    <ul
      className="menu-0-2-4"
    >
      <li
        className="menuItem-0-2-5"
        key="company-about-us"
      >
        <Link
          href="/company"
          key="company-about-us"
          passHref={true}
        >
          <a
            className="menuLink-0-2-6"
            data-test="footer-page"
            href="/#"
          >
            About us
          </a>
        </Link>
      </li>
      <li
        className="menuItem-0-2-5"
        key="company-careers"
      >
        <Link
          href="/careers"
          key="company-careers"
          passHref={true}
        >
          <a
            className="menuLink-0-2-6"
            data-test="footer-page"
            href="/#"
          >
            Careers
          </a>
        </Link>
      </li>
      <li
        className="menuItem-0-2-5"
        key="company-contact"
      >
        <Link
          href="/contact"
          key="company-contact"
          passHref={true}
        >
          <a
            className="menuLink-0-2-6"
            data-test="footer-page"
            href="/#"
          >
            Contact us
          </a>
        </Link>
      </li>
    </ul>
  </div>
  <div
    className="dropdown-0-2-2"
    key="learn"
  >
    <div
      className="toggleButton-0-2-3"
      onClick={[Function]}
      role="presentation"
    >
      <Memo(SectionTitle)
        title="Learn"
      />
      <i
        className="icon-caret-down"
      />
    </div>
    <ul
      className="menu-0-2-4"
    >
      <li
        className="menuItem-0-2-5"
        key="learn-news"
      >
        <Link
          href="/news-and-media"
          key="learn-news"
          passHref={true}
        >
          <a
            className="menuLink-0-2-6"
            data-test="footer-other"
            href="/#"
          >
            News & Media
          </a>
        </Link>
      </li>
    </ul>
  </div>
  <Memo(Register) />
  <Memo(SwitchLanguages) />
  <Memo(CopyRight) />
</footer>
`;
