// Jest Snapshot v1, https://goo.gl/fbAQLP

exports[`Testing Input component > InputPassword should render match snapshot 1`] = `
<div
  className=""
  data-test="component-input-password-root"
>
  <Memo(FieldLabel)
    className=""
    htmlFor="password"
    label="Password"
    required={false}
  />
  <div
    className="inputWrapper-0-2-1"
  >
    <Memo(FieldInput)
      className="input-0-2-2"
      hasError={true}
      name="password"
      required={false}
      type="password"
    />
    <i
      className="icon-eye"
      data-test="component-input-password-icon"
      onMouseDown={[Function]}
      onMouseUp={[Function]}
      onTouchEnd={[Function]}
      onTouchStart={[Function]}
      role="presentation"
    />
  </div>
  <Memo(FieldError)
    className=""
    error="some error"
  />
</div>
`;
