// Jest Snapshot v1, https://goo.gl/fbAQLP

exports[`Testing DataLabs > Brands > AboutProduct should render match snapshot 1`] = `
<div
  className="root-0-2-2"
>
  <Memo(Content)
    className="content-0-2-3"
  >
    <h2
      className="title-0-2-4"
      data-test="about-product-title"
    >
      About Data 
      <span
        className="primary-0-2-1"
        key=".1"
      >
        Labs
      </span>
    </h2>
    <p
      className="description-0-2-5"
      data-test="about-product-description"
    >
      Adopt a data driven strategy - We build large authenticated and differentiated communities of users that is willing to provide continuous  feedback on branding, product development and marketing strategies. Become more user-centered and leverage value
    </p>
    <div
      className="group-0-2-6"
    >
      <div
        className="groupItem-0-2-7"
        data-test="about-product-launch"
        key="launch"
      >
        <img
          alt="Launch"
          className="groupItemImage-0-2-8"
          loading="lazy"
          src="/static/images/data-labs/brands/about-01.png"
        />
        <h2
          className="groupItemValue-0-2-9"
        >
          <CountUp
            decimal="."
            decimals={0}
            delay={null}
            duration={null}
            easingFn={null}
            end={2021}
            formattingFn={null}
            onEnd={[Function]}
            onPauseResume={[Function]}
            onReset={[Function]}
            onStart={[Function]}
            onUpdate={[Function]}
            prefix=""
            preserveValue={false}
            redraw={false}
            separator=""
            start={null}
            startOnMount={true}
            suffix=""
            useEasing={true}
          >
            <Component />
          </CountUp>
        </h2>
        <p
          className="groupItemLabel-0-2-10"
        >
          Launch
        </p>
      </div>
      <div
        className="groupItem-0-2-7"
        data-test="about-product-influencers"
        key="influencers"
      >
        <img
          alt="Influencers"
          className="groupItemImage-0-2-8"
          loading="lazy"
          src="/static/images/data-labs/brands/about-02.png"
        />
        <h2
          className="groupItemValue-0-2-9"
        >
          <CountUp
            decimal="."
            decimals={0}
            delay={null}
            duration={null}
            easingFn={null}
            end={45000}
            formattingFn={null}
            onEnd={[Function]}
            onPauseResume={[Function]}
            onReset={[Function]}
            onStart={[Function]}
            onUpdate={[Function]}
            prefix=""
            preserveValue={false}
            redraw={false}
            separator=""
            start={null}
            startOnMount={true}
            suffix=""
            useEasing={true}
          >
            <Component />
          </CountUp>
        </h2>
        <p
          className="groupItemLabel-0-2-10"
        >
          Influencers
        </p>
      </div>
      <div
        className="groupItem-0-2-7"
        data-test="about-product-brands"
        key="brands"
      >
        <img
          alt="Brands have already signed up"
          className="groupItemImage-0-2-8"
          loading="lazy"
          src="/static/images/data-labs/brands/about-03.png"
        />
        <h2
          className="groupItemValue-0-2-9"
        >
          <CountUp
            decimal="."
            decimals={0}
            delay={null}
            duration={null}
            easingFn={null}
            end={100}
            formattingFn={null}
            onEnd={[Function]}
            onPauseResume={[Function]}
            onReset={[Function]}
            onStart={[Function]}
            onUpdate={[Function]}
            prefix=""
            preserveValue={false}
            redraw={false}
            separator=""
            start={null}
            startOnMount={true}
            suffix="+"
            useEasing={true}
          >
            <Component />
          </CountUp>
        </h2>
        <p
          className="groupItemLabel-0-2-10"
        >
          Brands have already signed up
        </p>
      </div>
      <div
        className="groupItem-0-2-7"
        data-test="about-product-campaigns"
        key="campaigns"
      >
        <img
          alt="Campaigns already launced"
          className="groupItemImage-0-2-8"
          loading="lazy"
          src="/static/images/data-labs/brands/about-04.png"
        />
        <h2
          className="groupItemValue-0-2-9"
        >
          <CountUp
            decimal="."
            decimals={0}
            delay={null}
            duration={null}
            easingFn={null}
            end={1000}
            formattingFn={null}
            onEnd={[Function]}
            onPauseResume={[Function]}
            onReset={[Function]}
            onStart={[Function]}
            onUpdate={[Function]}
            prefix=""
            preserveValue={false}
            redraw={false}
            separator=""
            start={null}
            startOnMount={true}
            suffix="+"
            useEasing={true}
          >
            <Component />
          </CountUp>
        </h2>
        <p
          className="groupItemLabel-0-2-10"
        >
          Campaigns already launced
        </p>
      </div>
    </div>
  </Memo(Content)>
</div>
`;
